{
  "ts" : "2026-08-24T06:58:25.222421339Z",
  "level" : "INFO",
  "msg" : "batch verify started",
  "config" : "/home/visiona/workspace/mana-hive/engines/scene-engine/scene-batch/src/main/resources/scenarios/jose-sit-and-return/run.yaml",
  "events" : 3,
  "expected" : 2,
  "start" : "2024-01-01T02:00:00Z"
}
{
  "ts" : "2026-08-24T06:58:25.236485170Z",
  "level" : "WARN",
  "msg" : "observation discarded",
  "event" : 3,
  "offset" : "0s",
  "kind" : "IN_BED",
  "cause" : "DUPLICATE",
  "subject" : "duplicate state LYING"
}
{
  "ts" : "2026-08-24T06:58:25.269142969Z",
  "level" : "INFO",
  "msg" : "interpreter fact",
  "event" : 4,
  "type" : "TransitionDetected"
}
{
  "ts" : "2026-08-24T06:58:25.273697704Z",
  "level" : "INFO",
  "msg" : "interpreter fact",
  "event" : 5,
  "type" : "TransitionDetected"
}
{
  "ts" : "2026-08-24T06:58:25.274947781Z",
  "level" : "INFO",
  "msg" : "batch verify completed",
  "passed" : 2,
  "failed" : 0
}
