{
  "ts" : "2026-08-24T06:58:26.138973079Z",
  "level" : "INFO",
  "msg" : "batch verify started",
  "config" : "/home/visiona/workspace/mana-hive/engines/scene-engine/scene-batch/src/main/resources/scenarios/jose-bathroom-fast/run.yaml",
  "events" : 8,
  "expected" : 7,
  "start" : "2024-01-01T02:00:00Z"
}
{
  "ts" : "2026-08-24T06:58:26.155850802Z",
  "level" : "WARN",
  "msg" : "observation discarded",
  "event" : 3,
  "offset" : "0s",
  "kind" : "IN_BED",
  "cause" : "DUPLICATE",
  "subject" : "duplicate state LYING"
}
{
  "ts" : "2026-08-24T06:58:26.187363110Z",
  "level" : "INFO",
  "msg" : "interpreter fact",
  "event" : 4,
  "type" : "TransitionDetected"
}
{
  "ts" : "2026-08-24T06:58:26.192599704Z",
  "level" : "INFO",
  "msg" : "interpreter fact",
  "event" : 5,
  "type" : "TransitionDetected"
}
{
  "ts" : "2026-08-24T06:58:26.193313206Z",
  "level" : "INFO",
  "msg" : "interpreter fact",
  "event" : 6,
  "type" : "TransitionDetected"
}
{
  "ts" : "2026-08-24T06:58:26.193942279Z",
  "level" : "INFO",
  "msg" : "interpreter fact",
  "event" : 7,
  "type" : "TransitionDetected"
}
{
  "ts" : "2026-08-24T06:58:26.194384782Z",
  "level" : "INFO",
  "msg" : "interpreter fact",
  "event" : 8,
  "type" : "TransitionDetected"
}
{
  "ts" : "2026-08-24T06:58:26.194751522Z",
  "level" : "INFO",
  "msg" : "interpreter fact",
  "event" : 9,
  "type" : "TransitionDetected"
}
{
  "ts" : "2026-08-24T06:58:26.195179631Z",
  "level" : "INFO",
  "msg" : "interpreter fact",
  "event" : 10,
  "type" : "TransitionDetected"
}
{
  "ts" : "2026-08-24T06:58:26.196565633Z",
  "level" : "INFO",
  "msg" : "batch verify completed",
  "passed" : 7,
  "failed" : 0
}
