{
  "ts" : "2026-08-24T06:58:28.010308766Z",
  "level" : "INFO",
  "msg" : "batch verify started",
  "config" : "/home/visiona/workspace/mana-hive/engines/scene-engine/scene-batch/src/main/resources/scenarios/jose-slow-return/run.yaml",
  "events" : 5,
  "expected" : 6,
  "start" : "2024-01-01T02:00:00Z"
}
{
  "ts" : "2026-08-24T06:58:28.024368055Z",
  "level" : "WARN",
  "msg" : "observation discarded",
  "event" : 4,
  "offset" : "0s",
  "kind" : "IN_BED",
  "cause" : "DUPLICATE",
  "subject" : "duplicate state LYING"
}
{
  "ts" : "2026-08-24T06:58:28.059007752Z",
  "level" : "INFO",
  "msg" : "interpreter fact",
  "event" : 5,
  "type" : "TransitionDetected"
}
{
  "ts" : "2026-08-24T06:58:28.063752659Z",
  "level" : "INFO",
  "msg" : "sweeper fact",
  "event" : 10,
  "type" : "DwellExceeded"
}
{
  "ts" : "2026-08-24T06:58:28.064784628Z",
  "level" : "INFO",
  "msg" : "sweeper fact",
  "event" : 10,
  "type" : "ReturnDwellWarning"
}
{
  "ts" : "2026-08-24T06:58:28.065136326Z",
  "level" : "WARN",
  "msg" : "observation discarded",
  "event" : 10,
  "offset" : "10m3s",
  "kind" : "SITTING_IN_BED",
  "cause" : "DUPLICATE",
  "subject" : "duplicate state SITTING_IN_BED"
}
{
  "ts" : "2026-08-24T06:58:28.066093187Z",
  "level" : "INFO",
  "msg" : "sweeper fact",
  "event" : 11,
  "type" : "DwellWarning"
}
{
  "ts" : "2026-08-24T06:58:28.066515598Z",
  "level" : "INFO",
  "msg" : "sweeper fact",
  "event" : 11,
  "type" : "ReturnDwellExceeded"
}
{
  "ts" : "2026-08-24T06:58:28.066745414Z",
  "level" : "WARN",
  "msg" : "observation discarded",
  "event" : 11,
  "offset" : "15m3s",
  "kind" : "SITTING_IN_BED",
  "cause" : "DUPLICATE",
  "subject" : "duplicate state SITTING_IN_BED"
}
{
  "ts" : "2026-08-24T06:58:28.068045665Z",
  "level" : "INFO",
  "msg" : "interpreter fact",
  "event" : 12,
  "type" : "TransitionDetected"
}
{
  "ts" : "2026-08-24T06:58:28.069682600Z",
  "level" : "INFO",
  "msg" : "batch verify completed",
  "passed" : 2,
  "failed" : 0
}
