{
  "ts" : "2026-08-24T06:58:02.315638786Z",
  "level" : "INFO",
  "msg" : "batch verify started",
  "config" : "/home/visiona/workspace/mana-hive/engines/scene-engine/scene-batch/src/main/resources/scenarios/06-dwell-exceeded/run.yaml",
  "events" : 5,
  "expected" : 3,
  "start" : "2024-01-01T03:00:00Z"
}
{
  "ts" : "2026-08-24T06:58:02.331702076Z",
  "level" : "WARN",
  "msg" : "observation discarded",
  "event" : 3,
  "offset" : "0s",
  "kind" : "IN_BED",
  "cause" : "DUPLICATE",
  "subject" : "duplicate state LYING"
}
{
  "ts" : "2026-08-24T06:58:02.363051738Z",
  "level" : "INFO",
  "msg" : "interpreter fact",
  "event" : 4,
  "type" : "TransitionDetected"
}
{
  "ts" : "2026-08-24T06:58:02.364869381Z",
  "level" : "INFO",
  "msg" : "interpreter fact",
  "event" : 5,
  "type" : "TransitionDetected"
}
{
  "ts" : "2026-08-24T06:58:02.367145468Z",
  "level" : "WARN",
  "msg" : "observation discarded",
  "event" : 6,
  "offset" : "4m",
  "kind" : "STANDING",
  "cause" : "DUPLICATE",
  "subject" : "duplicate state STANDING"
}
{
  "ts" : "2026-08-24T06:58:02.367922783Z",
  "level" : "INFO",
  "msg" : "sweeper fact",
  "event" : 7,
  "type" : "DwellWarning"
}
{
  "ts" : "2026-08-24T06:58:02.368155817Z",
  "level" : "WARN",
  "msg" : "observation discarded",
  "event" : 7,
  "offset" : "5m",
  "kind" : "STANDING",
  "cause" : "DUPLICATE",
  "subject" : "duplicate state STANDING"
}
{
  "ts" : "2026-08-24T06:58:02.369189358Z",
  "level" : "INFO",
  "msg" : "batch verify completed",
  "passed" : 2,
  "failed" : 0
}
