# Config 3: Viaje completo + alertas de dwell
# 23 hechos de Config 2 + alertas de dwell
#
# DWELL NORMAL (IN_BATHROOM > 5m):
#   E3: baño 31 min → DwellExceeded(IN_BATHROOM) a las 5h39m
#   E5: baño 26 min → DwellExceeded(IN_BATHROOM) a las 7h27m
#
# ⚠️ INVERSE DWELL (fuera de LYING > 15m) — pendiente de implementar:
#   E1: sentado 17 min → DwellExceeded(LYING) a las 23:30
#   E3: fuera 33 min  → DwellExceeded(LYING) a las 02:49
#   E5: fuera 27 min  → DwellExceeded(LYING) a las 05:37

t=1h15m     TRANSITION LYING → SITTING_IN_BED           # E1 se sienta
t=1h30m     DWELL_EXCEEDED LYING                         # ⚠️ inverse: 15m fuera de cama
t=1h32m     TRANSITION SITTING_IN_BED → LYING            # E1 se acuesta

t=2h47m     TRANSITION LYING → SITTING_IN_BED           # E2 se sienta
t=2h49m     TRANSITION SITTING_IN_BED → STANDING         # E2 se levanta
t=2h50m     TRANSITION STANDING → IN_BATHROOM            # E2 entra al baño
t=3h5m      TRANSITION IN_BATHROOM → IN_ROOM             # E2 sale del baño
t=3h7m      TRANSITION IN_ROOM → LYING                   # E2 se acuesta

t=4h32m     TRANSITION LYING → SITTING_IN_BED           # E3 se sienta
t=4h33m     TRANSITION SITTING_IN_BED → STANDING         # E3 se levanta
t=4h34m     TRANSITION STANDING → IN_BATHROOM            # E3 entra al baño
t=4h49m     DWELL_EXCEEDED LYING                         # ⚠️ inverse: 15m fuera de cama
t=5h5m      TRANSITION IN_BATHROOM → IN_ROOM             # E3 sale del baño
t=5h7m      TRANSITION IN_ROOM → LYING                   # E3 se acuesta

t=5h50m     TRANSITION LYING → SITTING_IN_BED           # E4 se sienta
t=5h54m     TRANSITION SITTING_IN_BED → LYING            # E4 se acuesta

t=7h20m     TRANSITION LYING → SITTING_IN_BED           # E5 se sienta
t=7h21m     TRANSITION SITTING_IN_BED → STANDING         # E5 se levanta
t=7h22m     TRANSITION STANDING → IN_BATHROOM            # E5 entra al baño
t=7h27m     DWELL_EXCEEDED IN_BATHROOM                   # baño > 5m
t=7h35m     DWELL_EXCEEDED LYING                         # ⚠️ inverse: 15m fuera de cama
t=7h36m     TRANSITION IN_BATHROOM → IN_ROOM             # E5 sale del baño
t=7h38m     TRANSITION IN_ROOM → LYING                   # E5 se acuesta

t=8h35m     TRANSITION LYING → SITTING_IN_BED           # E6 se sienta
t=8h38m     TRANSITION SITTING_IN_BED → LYING            # E6 se acuesta

t=9h0m      TRANSITION LYING → SITTING_IN_BED           # E7 se levanta para el día
